<html>
<body>
<pre>
<h1>µVision Build Log</h1>
<h2>Tool Versions:</h2>
IDE-Version: µVision V5.34.0.0
Copyright (C) 2021 ARM Ltd and ARM Germany GmbH. All rights reserved.
License Information: Andrin Kaelin, BIG, LIC=----
 
Tool Versions:
Toolchain:       MDK-Lite  Version: 5.34.0.0
Toolchain Path:  C:\Users\Public\Applications\Keil\ARM\ARMCC\Bin
C Compiler:      Armcc.exe V5.06 update 7 (build 960)
Assembler:       Armasm.exe V5.06 update 7 (build 960)
Linker/Locator:  ArmLink.exe V5.06 update 7 (build 960)
Library Manager: ArmAr.exe V5.06 update 7 (build 960)
Hex Converter:   FromElf.exe V5.06 update 7 (build 960)
CPU DLL:         SARMCM3.DLL V5.34.0.0
Dialog DLL:      DCM.DLL V1.17.3.0
Target DLL:      STLink\ST-LINKIII-KEIL_SWO.dll V3.0.8.0
Dialog DLL:      TCM.DLL V1.48.0.0
 
<h2>Project:</h2>
C:\Users\seakf\Documents\CODES\Hypnos\Hypnos_Code\Hypnos_Code.uvprojx
Project File Date:  04/25/2021

<h2>Output:</h2>
*** Using Compiler 'V5.06 update 7 (build 960)', folder: 'C:\Users\Public\Applications\Keil\ARM\ARMCC\Bin'
Rebuild target 'Target 1'
compiling GPIO.c...
compiling I2C.c...
compiling system_init.c...
compiling USART.c...
assembling startup_stm32l431xx.s...
compiling Hypnos_Code.c...
Hypnos_Code.c(16): warning:  #1295-D: Deprecated declaration clearNewArray - give arg types
  void clearNewArray();
Hypnos_Code.c(29): warning:  #177-D: variable "i"  was declared but never referenced
  	unsigned int i = 0;
Hypnos_Code.c: 2 warnings, 0 errors
compiling BIO_Init.c...
compiling system_stm32l4xx.c...
linking...
Program Size: Code=2500 RO-data=428 RW-data=8 ZI-data=2016  
FromELF: creating hex file...
".\Objects\Hypnos_Code.axf" - 0 Error(s), 2 Warning(s).

<h2>Software Packages used:</h2>

Package Vendor: ARM
                http://www.keil.com/pack/ARM.CMSIS.5.7.0.pack
                ARM.CMSIS.5.7.0
                CMSIS (Cortex Microcontroller Software Interface Standard)
   * Component: CORE Version: 5.4.0

Package Vendor: Keil
                http://www.keil.com/pack/Keil.STM32L4xx_DFP.2.5.0.pack
                Keil.STM32L4xx_DFP.2.5.0
                STMicroelectronics STM32L4 Series Device Support, Drivers and Examples
   * Component: Startup Version: 1.3.1

<h2>Collection of Component include folders:</h2>
  .\RTE\_Target_1
  C:\Users\Public\Applications\Keil\ARM\CMSIS\5.7.0\CMSIS\Core\Include
  C:\Users\Public\Applications\Keil\Keil\STM32L4xx_DFP\2.5.0\Drivers\CMSIS\Device\ST\STM32L4xx\Include

<h2>Collection of Component Files used:</h2>

   * Component: ARM::CMSIS:CORE:5.4.0

   * Component: Keil::Device:Startup:1.3.1
      Include file:  Drivers\CMSIS\Device\ST\STM32L4xx\Include\stm32l4xx.h
      Source file:   Drivers\CMSIS\Device\ST\STM32L4xx\Source\Templates\arm\startup_stm32l431xx.s
      Source file:   MDK\Device\Source\ARM\STM32L4xx_SB_OPT.s
      Source file:   Drivers\CMSIS\Device\ST\STM32L4xx\Source\Templates\system_stm32l4xx.c
Build Time Elapsed:  00:00:05
</pre>
</body>
</html>
